2026-09-21 ERROR Connection_failed
